AREA .  .ABS.
	RADIX HEX
	BASE 0000
	SIZE 0000
	ATTRIB ABS OVR
	GLOBALS
		l__HEAP	0000
		l__BSEG	0000
		l_.  .ABS.	0000
		l__GSFINAL	0000
		l__ISEG	0000
		s_.  .ABS.	0000
		s__HEADER	0000
		l__XSEG	0000
		.init	0000
		l__OVERLAY	0000
		l__LIT	0000
		s__SFR	0000
		l__GSINITTAIL	0001
		l__BSS	0087
		l__HEADER	01EB
		s__CODE	0200
		l__DATA	0333
		l__HOME	04AF
		l__GSINIT	0A77
		l__CODE	0C85
		s__HOME	0E85
		l__BASE	10C8
		s__BASE	1334
		s__LIT	23FC
		s__GSINIT	23FC
		s__GSINITTAIL	2E73
		s__GSFINAL	2E74
		.OAM	C000
		s__DATA	C0A0
		s__BSS	C3D3
		s__HEAP	C45A
		s__BSEG	C45A
		s__ISEG	C45A
		s__XSEG	C45A
		s__OVERLAY	C45A
		.STACK	E000
		.refresh_OAM	FF80
		l__SFR	10000
AREA _CODE
	RADIX HEX
	BASE 0200
	SIZE 0C85
	ATTRIB REL CON
	GLOBALS
		_init	0200
		_face	029C
		_map_collision	02BC
		_checkInput	0456
		_main	05F9
		_putchar	0714
		_setchar	071D
		_gotoxy	0726
		_posx	0731
		_posy	0742
		.adv_gcurs	0753
		.circle	0770
		.horlin	0813
		.verlin	084B
		.circplot	08A7
		.box	0925
		.line	09FB
		.xonly	0B1C
		.yonly	0C6B
		.plot	0C8C
		.wrbyte	0CA9
		.getpix	0D2B
		.wrtchr	0D60
		_gotogxy	0DC4
		_wrtchr	0DCF
		_getpix	0DE4
		_color	0DF0
		_circle	0DFF
		_box	0E19
		_line	0E3D
		_plot_point	0E55
		_plot	0E69
AREA _HEADER
	RADIX HEX
	BASE 0000
	SIZE 01EB
	ATTRIB ABS OVR
	GLOBALS
		_exit	01D2
AREA _HOME
	RADIX HEX
	BASE 0E85
	SIZE 04AF
	ATTRIB REL CON
	GLOBALS
		.set_mode	0E85
		.remove_VBL	0E95
		.remove_LCD	0E9B
		.remove_TIM	0EA1
		.remove_SIO	0EA7
		.remove_JOY	0EAD
		.add_VBL	0EB3
		.add_LCD	0EB9
		.add_TIM	0EBF
		.add_SIO	0EC5
		.add_JOY	0ECB
		.remove_int	0ED1
		.add_int	0EF1
		.wait_vbl_done	0F0D
		_wait_vbl_done	0F0D
		_display_off	0F24
		.display_off	0F24
		.serial_IO	0F45
		_mode	0F74
		_get_mode	0F7D
		_enable_interrupts	0F82
		_disable_interrupts	0F84
		_reset	0F86
		.reset	0F86
		_set_interrupts	0F8C
		_remove_VBL	0F97
		_remove_LCD	0FA2
		_remove_TIM	0FAD
		_remove_SIO	0FB8
		_remove_JOY	0FC3
		_add_VBL	0FCE
		_add_LCD	0FD9
		_add_TIM	0FE4
		_add_SIO	0FEF
		_add_JOY	0FFA
		_clock	1005
		__printTStates	100E
		banked_call	100F
		banked_ret	1028
		_printf	1031
		_sprintf	1060
AREA _BASE
	RADIX HEX
	BASE 1334
	SIZE 10C8
	ATTRIB REL CON
	GLOBALS
		.mv_sprite	1334
		_move_sprite	1343
		__mulschar	1350
		__muluchar	1350
		__mulsint	135C
		__muluint	135C
		.mulu16	1370
		.mul16	1370
		_set_win_data	1386
		_set_bkg_data	1386
		_set_sprite_data	13D3
		.padup	1402
		_waitpadup	1402
		.jpad	1412
		.wait_pad	143F
		_joypad	1446
		_waitpad	144B
		.set_sprite_tile	1455
		_set_sprite_tile	1462
		__modslong	146D
		__divslong	146D
		__mulslong	146D
		__divschar	146E
		__modschar	147A
		__divsint	1485
		__modsint	1496
		__divuchar	14A5
		__moduchar	14B1
		__divuint	14BC
		__moduint	14CD
		.mod8	14DC
		.div8	14DC
		.mod16	14E4
		.div16	14E4
		.modu8	151A
		.divu8	151A
		.modu16	151D
		.divu16	151D
		.copy_vram	155A
		_get_data	1569
		_set_data	1569
		_set_bkg_tiles	157C
		font_copy_uncompressed	1590
		font_copy_compressed	15C6
		font_load	161B
		font_copy_current	1663
		font_set	16AB
		.put_char	16B8
		.out_char	16D1
		.del_char	16D8
		_font_load	1733
		_font_set	1741
		_font_init	1750
		_cls	1772
		.cls	1772
		.cr_curs	17A4
		.adv_curs	17B9
		.tmode	1815
		.tmode_out	183E
		_font_load_ibm_fixed	184E
		_font_ibm_fixed	1855
		_font_ibm_fixed_tiles	1957
		.gmode	2157
		.vbl	21B9
		.lcd	21C4
		.draw_image	21D1
		.switch_data	21DB
		_switch_data	2212
		_draw_image	222D
		.y_table	2240
		.set_xy_wtt	2360
		.set_xy_btt	2371
		.set_xy_tt	2380
		_set_tiles	23B1
		.init_vram	23CA
		.init_wtt	23D8
		.init_btt	23E8
		.init_tt	23F6
AREA _LIT
	RADIX HEX
	BASE 23FC
	SIZE 0000
	ATTRIB REL CON
AREA _GSINIT
	RADIX HEX
	BASE 23FC
	SIZE 0A77
	ATTRIB REL CON
	GLOBALS
		gsinit	23FC
AREA _GSINITTAIL
	RADIX HEX
	BASE 2E73
	SIZE 0001
	ATTRIB REL CON
AREA _GSFINAL
	RADIX HEX
	BASE 2E74
	SIZE 0000
	ATTRIB REL CON
AREA _DATA
	RADIX HEX
	BASE C0A0
	SIZE 0333
	ATTRIB REL CON
	GLOBALS
		_map	C0A0
		_maptiles	C21C
		_playerxy	C25C
		__playerxy	C260
		_col_mapxy	C264
		_c0	C3CC
		_c1	C3CD
		_c2	C3CE
		_c3	C3CF
		_velocityY	C3D0
		_onGround	C3D1
		_stepCounter	C3D2
AREA _BSS
	RADIX HEX
	BASE C3D3
	SIZE 0087
	ATTRIB REL CON
	GLOBALS
		__cpu	C3D3
		.mode	C3D4
		__io_out	C3D5
		__io_in	C3D6
		__io_status	C3D7
		.vbl_done	C3D8
		__current_bank	C3D9
		_sys_time	C3DA
		.sys_time	C3DA
		.int_0x40	C3DC
		.int_0x48	C3EC
		.int_0x50	C3FC
		.int_0x58	C40C
		.int_0x60	C41C
		font_current	C42F
		font_first_free_tile	C432
		font_table	C433
		.curx	C445
		.cury	C446
		.fg_colour	C447
		.bg_colour	C448
AREA _HEAP
	RADIX HEX
	BASE C45A
	SIZE 0000
	ATTRIB REL CON
	GLOBALS
		_malloc_heap_start	C45A
AREA _OVERLAY
	RADIX HEX
	BASE C45A
	SIZE 0000
	ATTRIB REL CON
AREA _ISEG
	RADIX HEX
	BASE C45A
	SIZE 0000
	ATTRIB REL CON
AREA _BSEG
	RADIX HEX
	BASE C45A
	SIZE 0000
	ATTRIB REL CON
AREA _XSEG
	RADIX HEX
	BASE C45A
	SIZE 0000
	ATTRIB REL CON
AREA _SFR
	RADIX HEX
	BASE 0000
	SIZE 10000
	ATTRIB ABS OVR
	GLOBALS
		_P1_REG	FF00
		_SB_REG	FF01
		_SC_REG	FF02
		_DIV_REG	FF04
		_TIMA_REG	FF05
		_TMA_REG	FF06
		_TAC_REG	FF07
		_IF_REG	FF0F
		_NR10_REG	FF10
		_NR11_REG	FF11
		_NR12_REG	FF12
		_NR13_REG	FF13
		_NR14_REG	FF14
		_NR21_REG	FF16
		_NR22_REG	FF17
		_NR23_REG	FF18
		_NR24_REG	FF19
		_NR30_REG	FF1A
		_NR31_REG	FF1B
		_NR32_REG	FF1C
		_NR33_REG	FF1D
		_NR34_REG	FF1E
		_NR41_REG	FF20
		_NR42_REG	FF21
		_NR43_REG	FF22
		_NR44_REG	FF23
		_NR50_REG	FF24
		_NR51_REG	FF25
		_NR52_REG	FF26
		_LCDC_REG	FF40
		_STAT_REG	FF41
		_SCY_REG	FF42
		_SCX_REG	FF43
		_LY_REG	FF44
		_LYC_REG	FF45
		_DMA_REG	FF46
		_BGP_REG	FF47
		_OBP0_REG	FF48
		_OBP1_REG	FF49
		_WY_REG	FF4A
		_WX_REG	FF4B
		_KEY1_REG	FF4D
		_VBK_REG	FF4F
		_HDMA1_REG	FF51
		_HDMA2_REG	FF52
		_HDMA3_REG	FF53
		_HDMA4_REG	FF54
		_HDMA5_REG	FF55
		_RP_REG	FF56
		_BCPS_REG	FF68
		_BCPD_REG	FF69
		_OCPS_REG	FF6A
		_OCPD_REG	FF6B
		_SVBK_REG	FF70
		_IE_REG	FFFF
MODULES
	FILE c:\gbdk\lib/small/asxxxx/gb/crt0.o
		NAME Runtime
	FILE main.o
		NAME lcc50840
LIBRARIES
	LIBRARY c:\gbdk\lib/small/asxxxx/gb/gb.lib
		MODULE sfr.o
	LIBRARY c:\gbdk\lib/small/asxxxx/gb/gb.lib
		MODULE mv_spr.o
	LIBRARY c:\gbdk\lib/small/asxxxx/gbz80/gbz80.lib
		MODULE mul.o
	LIBRARY c:\gbdk\lib/small/asxxxx/gb/gb.lib
		MODULE set_data.o
	LIBRARY c:\gbdk\lib/small/asxxxx/gb/gb.lib
		MODULE pad.o
	LIBRARY c:\gbdk\lib/small/asxxxx/gb/gb.lib
		MODULE set_spr.o
	LIBRARY c:\gbdk\lib/small/asxxxx/gbz80/gbz80.lib
		MODULE printf.o
	LIBRARY c:\gbdk\lib/small/asxxxx/gbz80/gbz80.lib
		MODULE div.o
	LIBRARY c:\gbdk\lib/small/asxxxx/gb/gb.lib
		MODULE cpy_data.o
	LIBRARY c:\gbdk\lib/small/asxxxx/gb/gb.lib
		MODULE set_bk_t.o
	LIBRARY c:\gbdk\lib/small/asxxxx/gb/gb.lib
		MODULE font.o
	LIBRARY c:\gbdk\lib/small/asxxxx/gb/gb.lib
		MODULE ibmfixed.o
	LIBRARY c:\gbdk\lib/small/asxxxx/gb/gb.lib
		MODULE drawing.o
	LIBRARY c:\gbdk\lib/small/asxxxx/gb/gb.lib
		MODULE set_xy_t.o
	LIBRARY c:\gbdk\lib/small/asxxxx/gb/gb.lib
		MODULE init_tt.o
USERBASEDEF
	_CODE=0x0200
	_DATA=0xC0A0
	_CODE_1=0x4000
USERGLOBALDEF
	.OAM=0xC000
	.STACK=0xE000
	.refresh_OAM=0xFF80
	.init=0x0000
